
> lets_drive@0.1.0 build
> next build

node.exe : (node:24428) [MODULE_TYPELESS_PACKAGE_JSON] 
Warning: Module type of file:///C:/Users/crack/OneDrive/3rd%20s
emester/Desktop/lets%20drive/next.config.js is not specified 
and it doesn't parse as CommonJS.
At line:1 char:1
+ & "C:\Program Files\nodejs/node.exe" "C:\Program 
Files\nodejs/node_mo ...
+ ~~~~~~~~~~~~~~~~~~~~~~~~~~~~~~~~~~~~~~~~~~~~~~~~~~~~~~~~~~~~~
~~~~~~~~
    + CategoryInfo          : NotSpecified: ((node:24428) [M.. 
   .se as CommonJS.:String) [], RemoteException
    + FullyQualifiedErrorId : NativeCommandError
 
Reparsing as ES module because module syntax was detected. 
This incurs a performance overhead.
To eliminate this warning, add "type": "module" to 
C:\Users\crack\OneDrive\3rd semester\Desktop\lets 
drive\package.json.
(Use `node --trace-warnings ...` to show where the warning was 
created)
Γû▓ Next.js 16.1.6 (Turbopack)

  Creating an optimized production build ...
(node:24428) [MODULE_TYPELESS_PACKAGE_JSON] Warning: Module 
type of file:///C:/Users/crack/OneDrive/3rd%20semester/Desktop/
lets%20drive/next.config.js is not specified and it doesn't 
parse as CommonJS.
Reparsing as ES module because module syntax was detected. 
This incurs a performance overhead.
To eliminate this warning, add "type": "module" to 
C:\Users\crack\OneDrive\3rd semester\Desktop\lets 
drive\package.json.
(Use `node --trace-warnings ...` to show where the warning was 
created)
Γ£ô Compiled successfully in 5.1s
  Running TypeScript ...
  Collecting page data using 11 workers ...
  Generating static pages using 11 workers (0/21) ...
  Generating static pages using 11 workers (5/21) 
  Generating static pages using 11 workers (10/21) 
  Generating static pages using 11 workers (15/21) 
Γ¿» useSearchParams() should be wrapped in a suspense boundary 
at page "/payment/success". Read more: https://nextjs.org/docs/
messages/missing-suspense-with-csr-bailout
    at Q (C:\Users\crack\OneDrive\3rd semester\Desktop\lets dri
ve\.next\server\chunks\ssr\node_modules_next_920e7746._.js:2:21
11)
    at o (C:\Users\crack\OneDrive\3rd semester\Desktop\lets dri
ve\.next\server\chunks\ssr\node_modules_next_920e7746._.js:4:52
84)
    at k (C:\Users\crack\OneDrive\3rd semester\Desktop\lets dri
ve\.next\server\chunks\ssr\[root-of-the-server]__274e64f3._.js:
1:2009)
    at an (C:\Users\crack\OneDrive\3rd semester\Desktop\lets dr
ive\node_modules\next\dist\compiled\next-server\app-page-turbo.
runtime.prod.js:2:84360)
    at ai (C:\Users\crack\OneDrive\3rd semester\Desktop\lets dr
ive\node_modules\next\dist\compiled\next-server\app-page-turbo.
runtime.prod.js:2:86179)
    at al (C:\Users\crack\OneDrive\3rd semester\Desktop\lets dr
ive\node_modules\next\dist\compiled\next-server\app-page-turbo.
runtime.prod.js:2:107953)
    at as (C:\Users\crack\OneDrive\3rd semester\Desktop\lets dr
ive\node_modules\next\dist\compiled\next-server\app-page-turbo.
runtime.prod.js:2:105368)
    at aa (C:\Users\crack\OneDrive\3rd semester\Desktop\lets dr
ive\node_modules\next\dist\compiled\next-server\app-page-turbo.
runtime.prod.js:2:84712)
    at ai (C:\Users\crack\OneDrive\3rd semester\Desktop\lets dr
ive\node_modules\next\dist\compiled\next-server\app-page-turbo.
runtime.prod.js:2:86228)
    at ai (C:\Users\crack\OneDrive\3rd semester\Desktop\lets dr
ive\node_modules\next\dist\compiled\next-server\app-page-turbo.
runtime.prod.js:2:104708)
Error occurred prerendering page "/payment/success". Read 
more: https://nextjs.org/docs/messages/prerender-error
Export encountered an error on /payment/success/page: 
/payment/success, exiting the build.
Γ¿» Next.js build worker exited with code: 1 and signal: null
